
--- Testing Technical Depth ---
python : Traceback (most recent call last):
At line:1 char:1
+ python verify_neural_engine.py > test_output.txt 2>&1
+ ~~~~~~~~~~~~~~~~~~~~~~~~~~~~~~~~~~~~~~~~~~~~~~~~~~~~~
    + CategoryInfo          : NotSpecified: (Traceback (most recent call last)::String) [], RemoteException
    + FullyQualifiedErrorId : NativeCommandError
 
  File "C:\Users\Veda sree\OneDrive\Desktop\Clarion-AI-PWA-v4\backend\verify_neural_engine.py", line 59, in <module>
    test_depth()
  File "C:\Users\Veda sree\OneDrive\Desktop\Clarion-AI-PWA-v4\backend\verify_neural_engine.py", line 28, in test_depth
    res = analyze_explanation(text, user_embs, concepts, concept_embs, topic="React")
          ^^^^^^^^^^^^^^^^^^^^^^^^^^^^^^^^^^^^^^^^^^^^^^^^^^^^^^^^^^^^^^^^^^^^^^^^^^^
  File "C:\Users\Veda sree\OneDrive\Desktop\Clarion-AI-PWA-v4\backend\services\gap_detector.py", line 146, in 
analyze_explanation
    vocab_data = check_vocabulary(user_text, concepts)
                 ^^^^^^^^^^^^^^^^
NameError: name 'check_vocabulary' is not defined

During handling of the above exception, another exception occurred:

Traceback (most recent call last):
  File "C:\Users\Veda sree\OneDrive\Desktop\Clarion-AI-PWA-v4\backend\verify_neural_engine.py", line 64, in <module>
    print(f"\n\u274c Test failed: {e}")
  File "C:\Users\Veda sree\AppData\Local\Programs\Python\Python311\Lib\encodings\cp1252.py", line 19, in encode
    return codecs.charmap_encode(input,self.errors,encoding_table)[0]
           ^^^^^^^^^^^^^^^^^^^^^^^^^^^^^^^^^^^^^^^^^^^^^^^^^^^^^^^
UnicodeEncodeError: 'charmap' codec can't encode character '\u274c' in position 2: character maps to <undefined>
